ILI9341_Disp.c:20:6:ILI9341_SPI_Init	16	static
ILI9341_Disp.c:27:6:ILI9341_SPI_Send	16	static
ILI9341_Disp.c:33:6:ILI9341_Write_Command	16	static
ILI9341_Disp.c:42:6:ILI9341_Write_Data	16	static
ILI9341_Disp.c:51:6:ILI9341_Set_Address	24	static
ILI9341_Disp.c:69:6:ILI9341_Reset	8	static
ILI9341_Disp.c:80:6:ILI9341_Set_Rotation	24	static
ILI9341_Disp.c:116:6:ILI9341_Enable	8	static
ILI9341_Disp.c:122:6:ILI9341_Init	16	static
ILI9341_Disp.c:260:6:ILI9341_Fill_Screen	16	static
ILI9341_Disp.c:267:6:ILI9341_Draw_Colour	24	static
ILI9341_Disp.c:283:6:ILI9341_Draw_Pixel	32	static
ILI9341_Disp.c:331:6:ILI9341_Draw_Colour_Burst	64	dynamic
ILI9341_Disp.c:381:6:ILI9341_Draw_Rectangle	24	static
ILI9341_Disp.c:400:6:ILI9341_Draw_Horizontal_Line	24	static
ILI9341_Disp.c:415:6:ILI9341_Draw_Vertical_Line	24	static
