Archive member included to satisfy reference by file (symbol)

/Applications/STM32CubeIDE.app/Contents/Eclipse/plugins/com.st.stm32cube.ide.mcu.externaltools.gnu-tools-for-stm32.9-2020-q2-update.macos64_2.0.0.202105311346/tools/bin/../lib/gcc/arm-none-eabi/9.3.1/../../../../arm-none-eabi/lib/thumb/v7e-m+fp/hard/libc_nano.a(lib_a-errno.o)
                              ./Core/Src/syscalls.o (__errno)
/Applications/STM32CubeIDE.app/Contents/Eclipse/plugins/com.st.stm32cube.ide.mcu.externaltools.gnu-tools-for-stm32.9-2020-q2-update.macos64_2.0.0.202105311346/tools/bin/../lib/gcc/arm-none-eabi/9.3.1/../../../../arm-none-eabi/lib/thumb/v7e-m+fp/hard/libc_nano.a(lib_a-exit.o)
                              /Applications/STM32CubeIDE.app/Contents/Eclipse/plugins/com.st.stm32cube.ide.mcu.externaltools.gnu-tools-for-stm32.9-2020-q2-update.macos64_2.0.0.202105311346/tools/bin/../lib/gcc/arm-none-eabi/9.3.1/../../../../arm-none-eabi/lib/thumb/v7e-m+fp/hard/crt0.o (exit)
/Applications/STM32CubeIDE.app/Contents/Eclipse/plugins/com.st.stm32cube.ide.mcu.externaltools.gnu-tools-for-stm32.9-2020-q2-update.macos64_2.0.0.202105311346/tools/bin/../lib/gcc/arm-none-eabi/9.3.1/../../../../arm-none-eabi/lib/thumb/v7e-m+fp/hard/libc_nano.a(lib_a-impure.o)
                              /Applications/STM32CubeIDE.app/Contents/Eclipse/plugins/com.st.stm32cube.ide.mcu.externaltools.gnu-tools-for-stm32.9-2020-q2-update.macos64_2.0.0.202105311346/tools/bin/../lib/gcc/arm-none-eabi/9.3.1/../../../../arm-none-eabi/lib/thumb/v7e-m+fp/hard/libc_nano.a(lib_a-exit.o) (_global_impure_ptr)
/Applications/STM32CubeIDE.app/Contents/Eclipse/plugins/com.st.stm32cube.ide.mcu.externaltools.gnu-tools-for-stm32.9-2020-q2-update.macos64_2.0.0.202105311346/tools/bin/../lib/gcc/arm-none-eabi/9.3.1/../../../../arm-none-eabi/lib/thumb/v7e-m+fp/hard/libc_nano.a(lib_a-init.o)
                              /Applications/STM32CubeIDE.app/Contents/Eclipse/plugins/com.st.stm32cube.ide.mcu.externaltools.gnu-tools-for-stm32.9-2020-q2-update.macos64_2.0.0.202105311346/tools/bin/../lib/gcc/arm-none-eabi/9.3.1/../../../../arm-none-eabi/lib/thumb/v7e-m+fp/hard/crt0.o (__libc_init_array)
/Applications/STM32CubeIDE.app/Contents/Eclipse/plugins/com.st.stm32cube.ide.mcu.externaltools.gnu-tools-for-stm32.9-2020-q2-update.macos64_2.0.0.202105311346/tools/bin/../lib/gcc/arm-none-eabi/9.3.1/../../../../arm-none-eabi/lib/thumb/v7e-m+fp/hard/libc_nano.a(lib_a-memset.o)
                              /Applications/STM32CubeIDE.app/Contents/Eclipse/plugins/com.st.stm32cube.ide.mcu.externaltools.gnu-tools-for-stm32.9-2020-q2-update.macos64_2.0.0.202105311346/tools/bin/../lib/gcc/arm-none-eabi/9.3.1/../../../../arm-none-eabi/lib/thumb/v7e-m+fp/hard/crt0.o (memset)
/Applications/STM32CubeIDE.app/Contents/Eclipse/plugins/com.st.stm32cube.ide.mcu.externaltools.gnu-tools-for-stm32.9-2020-q2-update.macos64_2.0.0.202105311346/tools/bin/../lib/gcc/arm-none-eabi/9.3.1/thumb/v7e-m+fp/hard/libgcc.a(_aeabi_uldivmod.o)
                              ./Drivers/STM32F4xx_HAL_Driver/Src/stm32f4xx_hal_rcc.o (__aeabi_uldivmod)
/Applications/STM32CubeIDE.app/Contents/Eclipse/plugins/com.st.stm32cube.ide.mcu.externaltools.gnu-tools-for-stm32.9-2020-q2-update.macos64_2.0.0.202105311346/tools/bin/../lib/gcc/arm-none-eabi/9.3.1/thumb/v7e-m+fp/hard/libgcc.a(_udivmoddi4.o)
                              /Applications/STM32CubeIDE.app/Contents/Eclipse/plugins/com.st.stm32cube.ide.mcu.externaltools.gnu-tools-for-stm32.9-2020-q2-update.macos64_2.0.0.202105311346/tools/bin/../lib/gcc/arm-none-eabi/9.3.1/thumb/v7e-m+fp/hard/libgcc.a(_aeabi_uldivmod.o) (__udivmoddi4)
/Applications/STM32CubeIDE.app/Contents/Eclipse/plugins/com.st.stm32cube.ide.mcu.externaltools.gnu-tools-for-stm32.9-2020-q2-update.macos64_2.0.0.202105311346/tools/bin/../lib/gcc/arm-none-eabi/9.3.1/thumb/v7e-m+fp/hard/libgcc.a(_dvmd_tls.o)
                              /Applications/STM32CubeIDE.app/Contents/Eclipse/plugins/com.st.stm32cube.ide.mcu.externaltools.gnu-tools-for-stm32.9-2020-q2-update.macos64_2.0.0.202105311346/tools/bin/../lib/gcc/arm-none-eabi/9.3.1/thumb/v7e-m+fp/hard/libgcc.a(_aeabi_uldivmod.o) (__aeabi_ldiv0)

Allocating common symbols
Common symbol       size              file

uwTick              0x4               ./Drivers/STM32F4xx_HAL_Driver/Src/stm32f4xx_hal.o
pFlash              0x20              ./Drivers/STM32F4xx_HAL_Driver/Src/stm32f4xx_hal_flash.o
hspi_instance       0x4               ./Core/Src/ILI9341_Disp.o
htim1               0x48              ./Core/Src/stm32f4xx_hal_timebase_tim.o
hspi1               0x58              ./Core/Src/main.o

Discarded input sections

 .text          0x0000000000000000        0x0 /Applications/STM32CubeIDE.app/Contents/Eclipse/plugins/com.st.stm32cube.ide.mcu.externaltools.gnu-tools-for-stm32.9-2020-q2-update.macos64_2.0.0.202105311346/tools/bin/../lib/gcc/arm-none-eabi/9.3.1/thumb/v7e-m+fp/hard/crti.o
[...]
Memory Configuration

Name             Origin             Length             Attributes
RAM              0x0000000020000000 0x0000000000020000 xrw
FLASH            0x0000000008000000 0x0000000000080000 xr
*default*        0x0000000000000000 0xffffffffffffffff

Linker script and memory map

LOAD /Applications/STM32CubeIDE.app/Contents/Eclipse/plugins/com.st.stm32cube.ide.mcu.externaltools.gnu-tools-for-stm32.9-2020-q2-update.macos64_2.0.0.202105311346/tools/bin/../lib/gcc/arm-none-eabi/9.3.1/thumb/v7e-m+fp/hard/crti.o
LOAD /Applications/STM32CubeIDE.app/Contents/Eclipse/plugins/com.st.stm32cube.ide.mcu.externaltools.gnu-tools-for-stm32.9-2020-q2-update.macos64_2.0.0.202105311346/tools/bin/../lib/gcc/arm-none-eabi/9.3.1/thumb/v7e-m+fp/hard/crtbegin.o
LOAD /Applications/STM32CubeIDE.app/Contents/Eclipse/plugins/com.st.stm32cube.ide.mcu.externaltools.gnu-tools-for-stm32.9-2020-q2-update.macos64_2.0.0.202105311346/tools/bin/../lib/gcc/arm-none-eabi/9.3.1/../../../../arm-none-eabi/lib/thumb/v7e-m+fp/hard/crt0.o
LOAD ./Core/Src/ILI9341_Disp.o
LOAD ./Core/Src/graphic.o
LOAD ./Core/Src/main.o
LOAD ./Core/Src/stm32f4xx_hal_msp.o
LOAD ./Core/Src/stm32f4xx_hal_timebase_tim.o
LOAD ./Core/Src/stm32f4xx_it.o
LOAD ./Core/Src/syscalls.o
LOAD ./Core/Src/sysmem.o
LOAD ./Core/Src/system_stm32f4xx.o
LOAD ./Core/Startup/startup_stm32f411retx.o
LOAD ./Drivers/STM32F4xx_HAL_Driver/Src/stm32f4xx_hal.o
LOAD ./Drivers/STM32F4xx_HAL_Driver/Src/stm32f4xx_hal_cortex.o
LOAD ./Drivers/STM32F4xx_HAL_Driver/Src/stm32f4xx_hal_dma.o
LOAD ./Drivers/STM32F4xx_HAL_Driver/Src/stm32f4xx_hal_dma_ex.o
LOAD ./Drivers/STM32F4xx_HAL_Driver/Src/stm32f4xx_hal_exti.o
LOAD ./Drivers/STM32F4xx_HAL_Driver/Src/stm32f4xx_hal_flash.o
LOAD ./Drivers/STM32F4xx_HAL_Driver/Src/stm32f4xx_hal_flash_ex.o
LOAD ./Drivers/STM32F4xx_HAL_Driver/Src/stm32f4xx_hal_flash_ramfunc.o
LOAD ./Drivers/STM32F4xx_HAL_Driver/Src/stm32f4xx_hal_gpio.o
LOAD ./Drivers/STM32F4xx_HAL_Driver/Src/stm32f4xx_hal_pwr.o
LOAD ./Drivers/STM32F4xx_HAL_Driver/Src/stm32f4xx_hal_pwr_ex.o
LOAD ./Drivers/STM32F4xx_HAL_Driver/Src/stm32f4xx_hal_rcc.o
LOAD ./Drivers/STM32F4xx_HAL_Driver/Src/stm32f4xx_hal_rcc_ex.o
LOAD ./Drivers/STM32F4xx_HAL_Driver/Src/stm32f4xx_hal_spi.o
LOAD ./Drivers/STM32F4xx_HAL_Driver/Src/stm32f4xx_hal_tim.o
LOAD ./Drivers/STM32F4xx_HAL_Driver/Src/stm32f4xx_hal_tim_ex.o
START GROUP
LOAD /Applications/STM32CubeIDE.app/Contents/Eclipse/plugins/com.st.stm32cube.ide.mcu.externaltools.gnu-tools-for-stm32.9-2020-q2-update.macos64_2.0.0.202105311346/tools/bin/../lib/gcc/arm-none-eabi/9.3.1/../../../../arm-none-eabi/lib/thumb/v7e-m+fp/hard/libc_nano.a
LOAD /Applications/STM32CubeIDE.app/Contents/Eclipse/plugins/com.st.stm32cube.ide.mcu.externaltools.gnu-tools-for-stm32.9-2020-q2-update.macos64_2.0.0.202105311346/tools/bin/../lib/gcc/arm-none-eabi/9.3.1/../../../../arm-none-eabi/lib/thumb/v7e-m+fp/hard/libm.a
END GROUP
START GROUP
LOAD /Applications/STM32CubeIDE.app/Contents/Eclipse/plugins/com.st.stm32cube.ide.mcu.externaltools.gnu-tools-for-stm32.9-2020-q2-update.macos64_2.0.0.202105311346/tools/bin/../lib/gcc/arm-none-eabi/9.3.1/thumb/v7e-m+fp/hard/libgcc.a
LOAD /Applications/STM32CubeIDE.app/Contents/Eclipse/plugins/com.st.stm32cube.ide.mcu.externaltools.gnu-tools-for-stm32.9-2020-q2-update.macos64_2.0.0.202105311346/tools/bin/../lib/gcc/arm-none-eabi/9.3.1/../../../../arm-none-eabi/lib/thumb/v7e-m+fp/hard/libc_nano.a
END GROUP
START GROUP
LOAD /Applications/STM32CubeIDE.app/Contents/Eclipse/plugins/com.st.stm32cube.ide.mcu.externaltools.gnu-tools-for-stm32.9-2020-q2-update.macos64_2.0.0.202105311346/tools/bin/../lib/gcc/arm-none-eabi/9.3.1/thumb/v7e-m+fp/hard/libgcc.a
LOAD /Applications/STM32CubeIDE.app/Contents/Eclipse/plugins/com.st.stm32cube.ide.mcu.externaltools.gnu-tools-for-stm32.9-2020-q2-update.macos64_2.0.0.202105311346/tools/bin/../lib/gcc/arm-none-eabi/9.3.1/../../../../arm-none-eabi/lib/thumb/v7e-m+fp/hard/libc_nano.a
LOAD /Applications/STM32CubeIDE.app/Contents/Eclipse/plugins/com.st.stm32cube.ide.mcu.externaltools.gnu-tools-for-stm32.9-2020-q2-update.macos64_2.0.0.202105311346/tools/bin/../lib/gcc/arm-none-eabi/9.3.1/../../../../arm-none-eabi/lib/thumb/v7e-m+fp/hard/libnosys.a
END GROUP
START GROUP
LOAD /Applications/STM32CubeIDE.app/Contents/Eclipse/plugins/com.st.stm32cube.ide.mcu.externaltools.gnu-tools-for-stm32.9-2020-q2-update.macos64_2.0.0.202105311346/tools/bin/../lib/gcc/arm-none-eabi/9.3.1/thumb/v7e-m+fp/hard/libgcc.a
LOAD /Applications/STM32CubeIDE.app/Contents/Eclipse/plugins/com.st.stm32cube.ide.mcu.externaltools.gnu-tools-for-stm32.9-2020-q2-update.macos64_2.0.0.202105311346/tools/bin/../lib/gcc/arm-none-eabi/9.3.1/../../../../arm-none-eabi/lib/thumb/v7e-m+fp/hard/libc_nano.a
LOAD /Applications/STM32CubeIDE.app/Contents/Eclipse/plugins/com.st.stm32cube.ide.mcu.externaltools.gnu-tools-for-stm32.9-2020-q2-update.macos64_2.0.0.202105311346/tools/bin/../lib/gcc/arm-none-eabi/9.3.1/../../../../arm-none-eabi/lib/thumb/v7e-m+fp/hard/libnosys.a
END GROUP
LOAD /Applications/STM32CubeIDE.app/Contents/Eclipse/plugins/com.st.stm32cube.ide.mcu.externaltools.gnu-tools-for-stm32.9-2020-q2-update.macos64_2.0.0.202105311346/tools/bin/../lib/gcc/arm-none-eabi/9.3.1/thumb/v7e-m+fp/hard/crtend.o
LOAD /Applications/STM32CubeIDE.app/Contents/Eclipse/plugins/com.st.stm32cube.ide.mcu.externaltools.gnu-tools-for-stm32.9-2020-q2-update.macos64_2.0.0.202105311346/tools/bin/../lib/gcc/arm-none-eabi/9.3.1/thumb/v7e-m+fp/hard/crtn.o
                0x0000000020020000                _estack = (ORIGIN (RAM) + LENGTH (RAM))
                0x0000000000000200                _Min_Heap_Size = 0x200
                0x0000000000000400                _Min_Stack_Size = 0x400

.isr_vector     0x0000000008000000      0x198
                0x0000000008000000                . = ALIGN (0x4)
 *(.isr_vector)
 .isr_vector    0x0000000008000000      0x198 ./Core/Startup/startup_stm32f411retx.o
                0x0000000008000000                g_pfnVectors
                0x0000000008000198                . = ALIGN (0x4)

.text           0x0000000008000198     0x2f48
                0x0000000008000198                . = ALIGN (0x4)
 *(.text)
 .text          0x0000000008000198       0x40 /Applications/STM32CubeIDE.app/Contents/Eclipse/plugins/com.st.stm32cube.ide.mcu.externaltools.gnu-tools-for-stm32.9-2020-q2-update.macos64_2.0.0.202105311346/tools/bin/../lib/gcc/arm-none-eabi/9.3.1/thumb/v7e-m+fp/hard/crtbegin.o
 .text          0x00000000080001d8       0x30 /Applications/STM32CubeIDE.app/Contents/Eclipse/plugins/com.st.stm32cube.ide.mcu.externaltools.gnu-tools-for-stm32.9-2020-q2-update.macos64_2.0.0.202105311346/tools/bin/../lib/gcc/arm-none-eabi/9.3.1/thumb/v7e-m+fp/hard/libgcc.a(_aeabi_uldivmod.o)
                0x00000000080001d8                __aeabi_uldivmod
 .text          0x0000000008000208      0x2c4 /Applications/STM32CubeIDE.app/Contents/Eclipse/plugins/com.st.stm32cube.ide.mcu.externaltools.gnu-tools-for-stm32.9-2020-q2-update.macos64_2.0.0.202105311346/tools/bin/../lib/gcc/arm-none-eabi/9.3.1/thumb/v7e-m+fp/hard/libgcc.a(_udivmoddi4.o)
                0x0000000008000208                __udivmoddi4
 .text          0x00000000080004cc        0x4 /Applications/STM32CubeIDE.app/Contents/Eclipse/plugins/com.st.stm32cube.ide.mcu.externaltools.gnu-tools-for-stm32.9-2020-q2-update.macos64_2.0.0.202105311346/tools/bin/../lib/gcc/arm-none-eabi/9.3.1/thumb/v7e-m+fp/hard/libgcc.a(_dvmd_tls.o)
                0x00000000080004cc                __aeabi_ldiv0
                0x00000000080004cc                __aeabi_idiv0
 *(.text*)
 .text.ILI9341_SPI_Init
                0x00000000080004d0       0x28 ./Core/Src/ILI9341_Disp.o
                0x00000000080004d0                ILI9341_SPI_Init
 .text.ILI9341_SPI_Send
                0x00000000080004f8       0x24 ./Core/Src/ILI9341_Disp.o
                0x00000000080004f8                ILI9341_SPI_Send
 .text.ILI9341_Write_Command
                0x000000000800051c       0x3c ./Core/Src/ILI9341_Disp.o
                0x000000000800051c                ILI9341_Write_Command
 .text.ILI9341_Write_Data
                0x0000000008000558       0x3c ./Core/Src/ILI9341_Disp.o
                0x0000000008000558                ILI9341_Write_Data
 .text.ILI9341_Set_Address
                0x0000000008000594       0x98 ./Core/Src/ILI9341_Disp.o
                0x0000000008000594                ILI9341_Set_Address
 .text.ILI9341_Reset
                0x000000000800062c       0x3c ./Core/Src/ILI9341_Disp.o
                0x000000000800062c                ILI9341_Reset
 .text.ILI9341_Set_Rotation
                0x0000000008000668       0xa4 ./Core/Src/ILI9341_Disp.o
                0x0000000008000668                ILI9341_Set_Rotation
 .text.ILI9341_Enable
                0x000000000800070c       0x18 ./Core/Src/ILI9341_Disp.o
                0x000000000800070c                ILI9341_Enable
 .text.ILI9341_Init
                0x0000000008000724      0x224 ./Core/Src/ILI9341_Disp.o
                0x0000000008000724                ILI9341_Init
 .text.ILI9341_Fill_Screen
                0x0000000008000948       0x4c ./Core/Src/ILI9341_Disp.o
                0x0000000008000948                ILI9341_Fill_Screen
 .text.ILI9341_Draw_Pixel
                0x0000000008000994      0x198 ./Core/Src/ILI9341_Disp.o
                0x0000000008000994                ILI9341_Draw_Pixel
 .text.ILI9341_Draw_Colour_Burst
                0x0000000008000b2c      0x130 ./Core/Src/ILI9341_Disp.o
                0x0000000008000b2c                ILI9341_Draw_Colour_Burst
 .text.ILI9341_Draw_Rectangle
                0x0000000008000c5c       0xb8 ./Core/Src/ILI9341_Disp.o
                0x0000000008000c5c                ILI9341_Draw_Rectangle
 .text.Graphic_Draw_Char
                0x0000000008000d14      0x138 ./Core/Src/graphic.o
                0x0000000008000d14                Graphic_Draw_Char
 .text.Graphic_Draw_Text
                0x0000000008000e4c       0x5e ./Core/Src/graphic.o
                0x0000000008000e4c                Graphic_Draw_Text
 *fill*         0x0000000008000eaa        0x2 
 .text.Graphic_Draw_Image
                0x0000000008000eac      0x314 ./Core/Src/graphic.o
                0x0000000008000eac                Graphic_Draw_Image
 .text.main     0x00000000080011c0       0xc0 ./Core/Src/main.o
                0x00000000080011c0                main
 .text.SystemClock_Config
                0x0000000008001280       0xd0 ./Core/Src/main.o
                0x0000000008001280                SystemClock_Config
 .text.MX_SPI1_Init
                0x0000000008001350       0x6c ./Core/Src/main.o
 .text.MX_GPIO_Init
                0x00000000080013bc      0x100 ./Core/Src/main.o
 .text.HAL_TIM_PeriodElapsedCallback
                0x00000000080014bc       0x24 ./Core/Src/main.o
                0x00000000080014bc                HAL_TIM_PeriodElapsedCallback
 .text.Error_Handler
                0x00000000080014e0        0xa ./Core/Src/main.o
                0x00000000080014e0                Error_Handler
 *fill*         0x00000000080014ea        0x2 
 .text.HAL_MspInit
                0x00000000080014ec       0x50 ./Core/Src/stm32f4xx_hal_msp.o
                0x00000000080014ec                HAL_MspInit
 .text.HAL_SPI_MspInit
                0x000000000800153c       0x90 ./Core/Src/stm32f4xx_hal_msp.o
                0x000000000800153c                HAL_SPI_MspInit
 .text.HAL_InitTick
                0x00000000080015cc       0xb0 ./Core/Src/stm32f4xx_hal_timebase_tim.o
                0x00000000080015cc                HAL_InitTick
 .text.NMI_Handler
                0x000000000800167c        0x6 ./Core/Src/stm32f4xx_it.o
                0x000000000800167c                NMI_Handler
 .text.HardFault_Handler
                0x0000000008001682        0x6 ./Core/Src/stm32f4xx_it.o
                0x0000000008001682                HardFault_Handler
 .text.MemManage_Handler
                0x0000000008001688        0x6 ./Core/Src/stm32f4xx_it.o
                0x0000000008001688                MemManage_Handler
 .text.BusFault_Handler
                0x000000000800168e        0x6 ./Core/Src/stm32f4xx_it.o
                0x000000000800168e                BusFault_Handler
 .text.UsageFault_Handler
                0x0000000008001694        0x6 ./Core/Src/stm32f4xx_it.o
                0x0000000008001694                UsageFault_Handler
 .text.SVC_Handler
                0x000000000800169a        0xe ./Core/Src/stm32f4xx_it.o
                0x000000000800169a                SVC_Handler
 .text.DebugMon_Handler
                0x00000000080016a8        0xe ./Core/Src/stm32f4xx_it.o
                0x00000000080016a8                DebugMon_Handler
 .text.PendSV_Handler
                0x00000000080016b6        0xe ./Core/Src/stm32f4xx_it.o
                0x00000000080016b6                PendSV_Handler
 .text.SysTick_Handler
                0x00000000080016c4        0xe ./Core/Src/stm32f4xx_it.o
                0x00000000080016c4                SysTick_Handler
 *fill*         0x00000000080016d2        0x2 
 .text.TIM1_UP_TIM10_IRQHandler
                0x00000000080016d4       0x14 ./Core/Src/stm32f4xx_it.o
                0x00000000080016d4                TIM1_UP_TIM10_IRQHandler
 .text.SystemInit
                0x00000000080016e8       0x24 ./Core/Src/system_stm32f4xx.o
                0x00000000080016e8                SystemInit
 .text.Reset_Handler
                0x000000000800170c       0x50 ./Core/Startup/startup_stm32f411retx.o
                0x000000000800170c                Reset_Handler
 .text.Default_Handler
                0x000000000800175c        0x2 ./Core/Startup/startup_stm32f411retx.o
                0x000000000800175c                DMA1_Stream3_IRQHandler
                0x000000000800175c                EXTI2_IRQHandler
                0x000000000800175c                SPI4_IRQHandler
                0x000000000800175c                TIM1_CC_IRQHandler
                0x000000000800175c                DMA2_Stream5_IRQHandler
                0x000000000800175c                DMA1_Stream5_IRQHandler
                0x000000000800175c                PVD_IRQHandler
                0x000000000800175c                SDIO_IRQHandler
                0x000000000800175c                TAMP_STAMP_IRQHandler
                0x000000000800175c                EXTI3_IRQHandler
                0x000000000800175c                I2C3_ER_IRQHandler
                0x000000000800175c                EXTI0_IRQHandler
                0x000000000800175c                I2C2_EV_IRQHandler
                0x000000000800175c                DMA1_Stream2_IRQHandler
                0x000000000800175c                FPU_IRQHandler
                0x000000000800175c                DMA2_Stream2_IRQHandler
                0x000000000800175c                SPI1_IRQHandler
                0x000000000800175c                TIM1_BRK_TIM9_IRQHandler
                0x000000000800175c                DMA2_Stream3_IRQHandler
                0x000000000800175c                USART6_IRQHandler
                0x000000000800175c                DMA2_Stream0_IRQHandler
                0x000000000800175c                TIM4_IRQHandler
                0x000000000800175c                I2C1_EV_IRQHandler
                0x000000000800175c                DMA1_Stream6_IRQHandler
                0x000000000800175c                DMA1_Stream1_IRQHandler
                0x000000000800175c                TIM3_IRQHandler
                0x000000000800175c                RCC_IRQHandler
                0x000000000800175c                Default_Handler
                0x000000000800175c                EXTI15_10_IRQHandler
                0x000000000800175c                ADC_IRQHandler
                0x000000000800175c                DMA1_Stream7_IRQHandler
                0x000000000800175c                SPI5_IRQHandler
                0x000000000800175c                TIM5_IRQHandler
                0x000000000800175c                DMA2_Stream7_IRQHandler
                0x000000000800175c                I2C3_EV_IRQHandler
                0x000000000800175c                EXTI9_5_IRQHandler
                0x000000000800175c                RTC_WKUP_IRQHandler
                0x000000000800175c                SPI2_IRQHandler
                0x000000000800175c                DMA1_Stream0_IRQHandler
                0x000000000800175c                EXTI4_IRQHandler
                0x000000000800175c                WWDG_IRQHandler
                0x000000000800175c                TIM2_IRQHandler
                0x000000000800175c                OTG_FS_WKUP_IRQHandler
                0x000000000800175c                TIM1_TRG_COM_TIM11_IRQHandler
                0x000000000800175c                EXTI1_IRQHandler
                0x000000000800175c                USART2_IRQHandler
                0x000000000800175c                I2C2_ER_IRQHandler
                0x000000000800175c                DMA2_Stream1_IRQHandler
                0x000000000800175c                FLASH_IRQHandler
                0x000000000800175c                DMA2_Stream4_IRQHandler
                0x000000000800175c                USART1_IRQHandler
                0x000000000800175c                OTG_FS_IRQHandler
                0x000000000800175c                SPI3_IRQHandler
                0x000000000800175c                DMA1_Stream4_IRQHandler
                0x000000000800175c                I2C1_ER_IRQHandler
                0x000000000800175c                DMA2_Stream6_IRQHandler
                0x000000000800175c                RTC_Alarm_IRQHandler
 *fill*         0x000000000800175e        0x2 
 .text.HAL_Init
                0x0000000008001760       0x44 ./Drivers/STM32F4xx_HAL_Driver/Src/stm32f4xx_hal.o
                0x0000000008001760                HAL_Init
 .text.HAL_IncTick
                0x00000000080017a4       0x28 ./Drivers/STM32F4xx_HAL_Driver/Src/stm32f4xx_hal.o
                0x00000000080017a4                HAL_IncTick
 .text.HAL_GetTick
                0x00000000080017cc       0x18 ./Drivers/STM32F4xx_HAL_Driver/Src/stm32f4xx_hal.o
                0x00000000080017cc                HAL_GetTick
 .text.HAL_Delay
                0x00000000080017e4       0x48 ./Drivers/STM32F4xx_HAL_Driver/Src/stm32f4xx_hal.o
                0x00000000080017e4                HAL_Delay
 .text.__NVIC_SetPriorityGrouping
                0x000000000800182c       0x48 ./Drivers/STM32F4xx_HAL_Driver/Src/stm32f4xx_hal_cortex.o
 .text.__NVIC_GetPriorityGrouping
                0x0000000008001874       0x1c ./Drivers/STM32F4xx_HAL_Driver/Src/stm32f4xx_hal_cortex.o
 .text.__NVIC_EnableIRQ
                0x0000000008001890       0x3c ./Drivers/STM32F4xx_HAL_Driver/Src/stm32f4xx_hal_cortex.o
 .text.__NVIC_SetPriority
                0x00000000080018cc       0x54 ./Drivers/STM32F4xx_HAL_Driver/Src/stm32f4xx_hal_cortex.o
 .text.NVIC_EncodePriority
                0x0000000008001920       0x66 ./Drivers/STM32F4xx_HAL_Driver/Src/stm32f4xx_hal_cortex.o
 .text.HAL_NVIC_SetPriorityGrouping
                0x0000000008001986       0x16 ./Drivers/STM32F4xx_HAL_Driver/Src/stm32f4xx_hal_cortex.o
                0x0000000008001986                HAL_NVIC_SetPriorityGrouping
 .text.HAL_NVIC_SetPriority
                0x000000000800199c       0x38 ./Drivers/STM32F4xx_HAL_Driver/Src/stm32f4xx_hal_cortex.o
                0x000000000800199c                HAL_NVIC_SetPriority
 .text.HAL_NVIC_EnableIRQ
                0x00000000080019d4       0x1c ./Drivers/STM32F4xx_HAL_Driver/Src/stm32f4xx_hal_cortex.o
                0x00000000080019d4                HAL_NVIC_EnableIRQ
 .text.HAL_GPIO_Init
                0x00000000080019f0      0x308 ./Drivers/STM32F4xx_HAL_Driver/Src/stm32f4xx_hal_gpio.o
                0x00000000080019f0                HAL_GPIO_Init
 .text.HAL_GPIO_WritePin
                0x0000000008001cf8       0x32 ./Drivers/STM32F4xx_HAL_Driver/Src/stm32f4xx_hal_gpio.o
                0x0000000008001cf8                HAL_GPIO_WritePin
 *fill*         0x0000000008001d2a        0x2 
 .text.HAL_RCC_OscConfig
                0x0000000008001d2c      0x4f0 ./Drivers/STM32F4xx_HAL_Driver/Src/stm32f4xx_hal_rcc.o
                0x0000000008001d2c                HAL_RCC_OscConfig
 .text.HAL_RCC_ClockConfig
                0x000000000800221c      0x1cc ./Drivers/STM32F4xx_HAL_Driver/Src/stm32f4xx_hal_rcc.o
                0x000000000800221c                HAL_RCC_ClockConfig
 .text.HAL_RCC_GetSysClockFreq
                0x00000000080023e8      0x1c4 ./Drivers/STM32F4xx_HAL_Driver/Src/stm32f4xx_hal_rcc.o
                0x00000000080023e8                HAL_RCC_GetSysClockFreq
 .text.HAL_RCC_GetHCLKFreq
                0x00000000080025ac       0x18 ./Drivers/STM32F4xx_HAL_Driver/Src/stm32f4xx_hal_rcc.o
                0x00000000080025ac                HAL_RCC_GetHCLKFreq
 .text.HAL_RCC_GetPCLK2Freq
                0x00000000080025c4       0x28 ./Drivers/STM32F4xx_HAL_Driver/Src/stm32f4xx_hal_rcc.o
                0x00000000080025c4                HAL_RCC_GetPCLK2Freq
 .text.HAL_RCC_GetClockConfig
                0x00000000080025ec       0x64 ./Drivers/STM32F4xx_HAL_Driver/Src/stm32f4xx_hal_rcc.o
                0x00000000080025ec                HAL_RCC_GetClockConfig
 .text.HAL_SPI_Init
                0x0000000008002650      0x112 ./Drivers/STM32F4xx_HAL_Driver/Src/stm32f4xx_hal_spi.o
                0x0000000008002650                HAL_SPI_Init
 .text.HAL_SPI_Transmit
                0x0000000008002762      0x278 ./Drivers/STM32F4xx_HAL_Driver/Src/stm32f4xx_hal_spi.o
                0x0000000008002762                HAL_SPI_Transmit
 *fill*         0x00000000080029da        0x2 
 .text.SPI_WaitFlagStateUntilTimeout
                0x00000000080029dc      0x110 ./Drivers/STM32F4xx_HAL_Driver/Src/stm32f4xx_hal_spi.o
 .text.SPI_EndRxTxTransaction
                0x0000000008002aec       0x84 ./Drivers/STM32F4xx_HAL_Driver/Src/stm32f4xx_hal_spi.o
 .text.HAL_TIM_Base_Init
                0x0000000008002b70       0x9e ./Drivers/STM32F4xx_HAL_Driver/Src/stm32f4xx_hal_tim.o
                0x0000000008002b70                HAL_TIM_Base_Init
 .text.HAL_TIM_Base_MspInit
                0x0000000008002c0e       0x14 ./Drivers/STM32F4xx_HAL_Driver/Src/stm32f4xx_hal_tim.o
                0x0000000008002c0e                HAL_TIM_Base_MspInit
 *fill*         0x0000000008002c22        0x2 
 .text.HAL_TIM_Base_Start_IT
                0x0000000008002c24       0xc4 ./Drivers/STM32F4xx_HAL_Driver/Src/stm32f4xx_hal_tim.o
                0x0000000008002c24                HAL_TIM_Base_Start_IT
 .text.HAL_TIM_IRQHandler
                0x0000000008002ce8      0x210 ./Drivers/STM32F4xx_HAL_Driver/Src/stm32f4xx_hal_tim.o
                0x0000000008002ce8                HAL_TIM_IRQHandler
 .text.HAL_TIM_OC_DelayElapsedCallback
                0x0000000008002ef8       0x14 ./Drivers/STM32F4xx_HAL_Driver/Src/stm32f4xx_hal_tim.o
                0x0000000008002ef8                HAL_TIM_OC_DelayElapsedCallback
 .text.HAL_TIM_IC_CaptureCallback
                0x0000000008002f0c       0x14 ./Drivers/STM32F4xx_HAL_Driver/Src/stm32f4xx_hal_tim.o
                0x0000000008002f0c                HAL_TIM_IC_CaptureCallback
 .text.HAL_TIM_PWM_PulseFinishedCallback
                0x0000000008002f20       0x14 ./Drivers/STM32F4xx_HAL_Driver/Src/stm32f4xx_hal_tim.o
                0x0000000008002f20                HAL_TIM_PWM_PulseFinishedCallback
 .text.HAL_TIM_TriggerCallback
                0x0000000008002f34       0x14 ./Drivers/STM32F4xx_HAL_Driver/Src/stm32f4xx_hal_tim.o
                0x0000000008002f34                HAL_TIM_TriggerCallback
 .text.TIM_Base_SetConfig
                0x0000000008002f48      0x100 ./Drivers/STM32F4xx_HAL_Driver/Src/stm32f4xx_hal_tim.o
                0x0000000008002f48                TIM_Base_SetConfig
 .text.HAL_TIMEx_CommutCallback
                0x0000000008003048       0x14 ./Drivers/STM32F4xx_HAL_Driver/Src/stm32f4xx_hal_tim_ex.o
                0x0000000008003048                HAL_TIMEx_CommutCallback
 .text.HAL_TIMEx_BreakCallback
                0x000000000800305c       0x14 ./Drivers/STM32F4xx_HAL_Driver/Src/stm32f4xx_hal_tim_ex.o
                0x000000000800305c                HAL_TIMEx_BreakCallback
 .text.__libc_init_array
                0x0000000008003070       0x48 /Applications/STM32CubeIDE.app/Contents/Eclipse/plugins/com.st.stm32cube.ide.mcu.externaltools.gnu-tools-for-stm32.9-2020-q2-update.macos64_2.0.0.202105311346/tools/bin/../lib/gcc/arm-none-eabi/9.3.1/../../../../arm-none-eabi/lib/thumb/v7e-m+fp/hard/libc_nano.a(lib_a-init.o)
                0x0000000008003070                __libc_init_array
 .text.memset   0x00000000080030b8       0x10 /Applications/STM32CubeIDE.app/Contents/Eclipse/plugins/com.st.stm32cube.ide.mcu.externaltools.gnu-tools-for-stm32.9-2020-q2-update.macos64_2.0.0.202105311346/tools/bin/../lib/gcc/arm-none-eabi/9.3.1/../../../../arm-none-eabi/lib/thumb/v7e-m+fp/hard/libc_nano.a(lib_a-memset.o)
                0x00000000080030b8                memset
 *(.glue_7)
 .glue_7        0x00000000080030c8        0x0 linker stubs
 *(.glue_7t)
 .glue_7t       0x00000000080030c8        0x0 linker stubs
 *(.eh_frame)
 .eh_frame      0x00000000080030c8        0x0 /Applications/STM32CubeIDE.app/Contents/Eclipse/plugins/com.st.stm32cube.ide.mcu.externaltools.gnu-tools-for-stm32.9-2020-q2-update.macos64_2.0.0.202105311346/tools/bin/../lib/gcc/arm-none-eabi/9.3.1/thumb/v7e-m+fp/hard/crtbegin.o
 *(.init)
 .init          0x00000000080030c8        0x4 /Applications/STM32CubeIDE.app/Contents/Eclipse/plugins/com.st.stm32cube.ide.mcu.externaltools.gnu-tools-for-stm32.9-2020-q2-update.macos64_2.0.0.202105311346/tools/bin/../lib/gcc/arm-none-eabi/9.3.1/thumb/v7e-m+fp/hard/crti.o
                0x00000000080030c8                _init
 .init          0x00000000080030cc        0x8 /Applications/STM32CubeIDE.app/Contents/Eclipse/plugins/com.st.stm32cube.ide.mcu.externaltools.gnu-tools-for-stm32.9-2020-q2-update.macos64_2.0.0.202105311346/tools/bin/../lib/gcc/arm-none-eabi/9.3.1/thumb/v7e-m+fp/hard/crtn.o
 *(.fini)
 .fini          0x00000000080030d4        0x4 /Applications/STM32CubeIDE.app/Contents/Eclipse/plugins/com.st.stm32cube.ide.mcu.externaltools.gnu-tools-for-stm32.9-2020-q2-update.macos64_2.0.0.202105311346/tools/bin/../lib/gcc/arm-none-eabi/9.3.1/thumb/v7e-m+fp/hard/crti.o
                0x00000000080030d4                _fini
 .fini          0x00000000080030d8        0x8 /Applications/STM32CubeIDE.app/Contents/Eclipse/plugins/com.st.stm32cube.ide.mcu.externaltools.gnu-tools-for-stm32.9-2020-q2-update.macos64_2.0.0.202105311346/tools/bin/../lib/gcc/arm-none-eabi/9.3.1/thumb/v7e-m+fp/hard/crtn.o
                0x00000000080030e0                . = ALIGN (0x4)
                0x00000000080030e0                _etext = .

.vfp11_veneer   0x00000000080030e0        0x0
 .vfp11_veneer  0x00000000080030e0        0x0 linker stubs

.v4_bx          0x00000000080030e0        0x0
 .v4_bx         0x00000000080030e0        0x0 linker stubs

.iplt           0x00000000080030e0        0x0
 .iplt          0x00000000080030e0        0x0 /Applications/STM32CubeIDE.app/Contents/Eclipse/plugins/com.st.stm32cube.ide.mcu.externaltools.gnu-tools-for-stm32.9-2020-q2-update.macos64_2.0.0.202105311346/tools/bin/../lib/gcc/arm-none-eabi/9.3.1/thumb/v7e-m+fp/hard/crtbegin.o

.rodata         0x00000000080030e0    0x25a6c
                0x00000000080030e0                . = ALIGN (0x4)
 *(.rodata)
 .rodata        0x00000000080030e0       0x12 ./Core/Src/main.o
 *(.rodata*)
 *fill*         0x00000000080030f2        0x2 
 .rodata.font_5x5
                0x00000000080030f4      0x240 ./Core/Src/graphic.o
 .rodata.image  0x0000000008003334    0x25800 ./Core/Src/main.o
                0x0000000008003334                image
 .rodata.AHBPrescTable
                0x0000000008028b34       0x10 ./Core/Src/system_stm32f4xx.o
                0x0000000008028b34                AHBPrescTable
 .rodata.APBPrescTable
                0x0000000008028b44        0x8 ./Core/Src/system_stm32f4xx.o
                0x0000000008028b44                APBPrescTable
                0x0000000008028b4c                . = ALIGN (0x4)

.ARM.extab      0x0000000008028b4c        0x0
                0x0000000008028b4c                . = ALIGN (0x4)
 *(.ARM.extab* .gnu.linkonce.armextab.*)
                0x0000000008028b4c                . = ALIGN (0x4)

.ARM            0x0000000008028b4c        0x8
                0x0000000008028b4c                . = ALIGN (0x4)
                0x0000000008028b4c                __exidx_start = .
 *(.ARM.exidx*)
 .ARM.exidx     0x0000000008028b4c        0x8 /Applications/STM32CubeIDE.app/Contents/Eclipse/plugins/com.st.stm32cube.ide.mcu.externaltools.gnu-tools-for-stm32.9-2020-q2-update.macos64_2.0.0.202105311346/tools/bin/../lib/gcc/arm-none-eabi/9.3.1/thumb/v7e-m+fp/hard/libgcc.a(_udivmoddi4.o)
                0x0000000008028b54                __exidx_end = .
                0x0000000008028b54                . = ALIGN (0x4)

.rel.dyn        0x0000000008028b54        0x0
 .rel.iplt      0x0000000008028b54        0x0 /Applications/STM32CubeIDE.app/Contents/Eclipse/plugins/com.st.stm32cube.ide.mcu.externaltools.gnu-tools-for-stm32.9-2020-q2-update.macos64_2.0.0.202105311346/tools/bin/../lib/gcc/arm-none-eabi/9.3.1/thumb/v7e-m+fp/hard/crtbegin.o

.preinit_array  0x0000000008028b54        0x0
                0x0000000008028b54                . = ALIGN (0x4)
                0x0000000008028b54                PROVIDE (__preinit_array_start = .)
 *(.preinit_array*)
                0x0000000008028b54                PROVIDE (__preinit_array_end = .)
                0x0000000008028b54                . = ALIGN (0x4)

.init_array     0x0000000008028b54        0x4
                0x0000000008028b54                . = ALIGN (0x4)
                0x0000000008028b54                PROVIDE (__init_array_start = .)
 *(SORT_BY_NAME(.init_array.*))
 *(.init_array*)
 .init_array    0x0000000008028b54        0x4 /Applications/STM32CubeIDE.app/Contents/Eclipse/plugins/com.st.stm32cube.ide.mcu.externaltools.gnu-tools-for-stm32.9-2020-q2-update.macos64_2.0.0.202105311346/tools/bin/../lib/gcc/arm-none-eabi/9.3.1/thumb/v7e-m+fp/hard/crtbegin.o
                0x0000000008028b58                PROVIDE (__init_array_end = .)
                0x0000000008028b58                . = ALIGN (0x4)

.fini_array     0x0000000008028b58        0x4
                0x0000000008028b58                . = ALIGN (0x4)
                [!provide]                        PROVIDE (__fini_array_start = .)
 *(SORT_BY_NAME(.fini_array.*))
 *(.fini_array*)
 .fini_array    0x0000000008028b58        0x4 /Applications/STM32CubeIDE.app/Contents/Eclipse/plugins/com.st.stm32cube.ide.mcu.externaltools.gnu-tools-for-stm32.9-2020-q2-update.macos64_2.0.0.202105311346/tools/bin/../lib/gcc/arm-none-eabi/9.3.1/thumb/v7e-m+fp/hard/crtbegin.o
                [!provide]                        PROVIDE (__fini_array_end = .)
                0x0000000008028b5c                . = ALIGN (0x4)
                0x0000000008028b5c                _sidata = LOADADDR (.data)

.data           0x0000000020000000       0x10 load address 0x0000000008028b5c
                0x0000000020000000                . = ALIGN (0x4)
                0x0000000020000000                _sdata = .
 *(.data)
 *(.data*)
 .data.LCD_HEIGHT
                0x0000000020000000        0x2 ./Core/Src/ILI9341_Disp.o
                0x0000000020000000                LCD_HEIGHT
 .data.LCD_WIDTH
                0x0000000020000002        0x2 ./Core/Src/ILI9341_Disp.o
                0x0000000020000002                LCD_WIDTH
 .data.SystemCoreClock
                0x0000000020000004        0x4 ./Core/Src/system_stm32f4xx.o
                0x0000000020000004                SystemCoreClock
 .data.uwTickPrio
                0x0000000020000008        0x4 ./Drivers/STM32F4xx_HAL_Driver/Src/stm32f4xx_hal.o
                0x0000000020000008                uwTickPrio
 .data.uwTickFreq
                0x000000002000000c        0x1 ./Drivers/STM32F4xx_HAL_Driver/Src/stm32f4xx_hal.o
                0x000000002000000c                uwTickFreq
 *(.RamFunc)
 *(.RamFunc*)
                0x0000000020000010                . = ALIGN (0x4)
 *fill*         0x000000002000000d        0x3 
                0x0000000020000010                _edata = .

.igot.plt       0x0000000020000010        0x0 load address 0x0000000008028b6c
 .igot.plt      0x0000000020000010        0x0 /Applications/STM32CubeIDE.app/Contents/Eclipse/plugins/com.st.stm32cube.ide.mcu.externaltools.gnu-tools-for-stm32.9-2020-q2-update.macos64_2.0.0.202105311346/tools/bin/../lib/gcc/arm-none-eabi/9.3.1/thumb/v7e-m+fp/hard/crtbegin.o
                0x0000000020000010                . = ALIGN (0x4)

.bss            0x0000000020000010       0xc4 load address 0x0000000008028b6c
                0x0000000020000010                _sbss = .
                0x0000000020000010                __bss_start__ = _sbss
 *(.bss)
 .bss           0x0000000020000010       0x1c /Applications/STM32CubeIDE.app/Contents/Eclipse/plugins/com.st.stm32cube.ide.mcu.externaltools.gnu-tools-for-stm32.9-2020-q2-update.macos64_2.0.0.202105311346/tools/bin/../lib/gcc/arm-none-eabi/9.3.1/thumb/v7e-m+fp/hard/crtbegin.o
 *(.bss*)
 *(COMMON)
 COMMON         0x000000002000002c        0x4 ./Core/Src/ILI9341_Disp.o
                0x000000002000002c                hspi_instance
 COMMON         0x0000000020000030       0x58 ./Core/Src/main.o
                0x0000000020000030                hspi1
 COMMON         0x0000000020000088       0x48 ./Core/Src/stm32f4xx_hal_timebase_tim.o
                0x0000000020000088                htim1
 COMMON         0x00000000200000d0        0x4 ./Drivers/STM32F4xx_HAL_Driver/Src/stm32f4xx_hal.o
                0x00000000200000d0                uwTick
                0x00000000200000d4                . = ALIGN (0x4)
                0x00000000200000d4                _ebss = .
                0x00000000200000d4                __bss_end__ = _ebss

._user_heap_stack
                0x00000000200000d4      0x604 load address 0x0000000008028b6c
                0x00000000200000d8                . = ALIGN (0x8)
 *fill*         0x00000000200000d4        0x4 
                [!provide]                        PROVIDE (end = .)
                0x00000000200000d8                PROVIDE (_end = .)
                0x00000000200002d8                . = (. + _Min_Heap_Size)
 *fill*         0x00000000200000d8      0x200 
                0x00000000200006d8                . = (. + _Min_Stack_Size)
 *fill*         0x00000000200002d8      0x400 
                0x00000000200006d8                . = ALIGN (0x8)

/DISCARD/
 libc.a(*)
 libm.a(*)
 libgcc.a(*)

.ARM.attributes
                0x0000000000000000       0x30
 *(.ARM.attributes)
 .ARM.attributes
                0x0000000000000000       0x1e /Applications/STM32CubeIDE.app/Contents/Eclipse/plugins/com.st.stm32cube.ide.mcu.externaltools.gnu-tools-for-stm32.9-2020-q2-update.macos64_2.0.0.202105311346/tools/bin/../lib/gcc/arm-none-eabi/9.3.1/thumb/v7e-m+fp/hard/crti.o
 .ARM.attributes
                0x000000000000001e       0x34 /Applications/STM32CubeIDE.app/Contents/Eclipse/plugins/com.st.stm32cube.ide.mcu.externaltools.gnu-tools-for-stm32.9-2020-q2-update.macos64_2.0.0.202105311346/tools/bin/../lib/gcc/arm-none-eabi/9.3.1/thumb/v7e-m+fp/hard/crtbegin.o
 .ARM.attributes
                0x0000000000000052       0x34 ./Core/Src/ILI9341_Disp.o
 .ARM.attributes
                0x0000000000000086       0x34 ./Core/Src/graphic.o
 .ARM.attributes
                0x00000000000000ba       0x34 ./Core/Src/main.o
 .ARM.attributes
                0x00000000000000ee       0x34 ./Core/Src/stm32f4xx_hal_msp.o
 .ARM.attributes
                0x0000000000000122       0x34 ./Core/Src/stm32f4xx_hal_timebase_tim.o
 .ARM.attributes
                0x0000000000000156       0x34 ./Core/Src/stm32f4xx_it.o
 .ARM.attributes
                0x000000000000018a       0x34 ./Core/Src/system_stm32f4xx.o
 .ARM.attributes
                0x00000000000001be       0x21 ./Core/Startup/startup_stm32f411retx.o
 .ARM.attributes
                0x00000000000001df       0x34 ./Drivers/STM32F4xx_HAL_Driver/Src/stm32f4xx_hal.o
 .ARM.attributes
                0x0000000000000213       0x34 ./Drivers/STM32F4xx_HAL_Driver/Src/stm32f4xx_hal_cortex.o
 .ARM.attributes
                0x0000000000000247       0x34 ./Drivers/STM32F4xx_HAL_Driver/Src/stm32f4xx_hal_gpio.o
 .ARM.attributes
                0x000000000000027b       0x34 ./Drivers/STM32F4xx_HAL_Driver/Src/stm32f4xx_hal_rcc.o
 .ARM.attributes
                0x00000000000002af       0x34 ./Drivers/STM32F4xx_HAL_Driver/Src/stm32f4xx_hal_spi.o
 .ARM.attributes
                0x00000000000002e3       0x34 ./Drivers/STM32F4xx_HAL_Driver/Src/stm32f4xx_hal_tim.o
 .ARM.attributes
                0x0000000000000317       0x34 ./Drivers/STM32F4xx_HAL_Driver/Src/stm32f4xx_hal_tim_ex.o
 .ARM.attributes
                0x000000000000034b       0x34 /Applications/STM32CubeIDE.app/Contents/Eclipse/plugins/com.st.stm32cube.ide.mcu.externaltools.gnu-tools-for-stm32.9-2020-q2-update.macos64_2.0.0.202105311346/tools/bin/../lib/gcc/arm-none-eabi/9.3.1/../../../../arm-none-eabi/lib/thumb/v7e-m+fp/hard/libc_nano.a(lib_a-init.o)
 .ARM.attributes
                0x000000000000037f       0x34 /Applications/STM32CubeIDE.app/Contents/Eclipse/plugins/com.st.stm32cube.ide.mcu.externaltools.gnu-tools-for-stm32.9-2020-q2-update.macos64_2.0.0.202105311346/tools/bin/../lib/gcc/arm-none-eabi/9.3.1/../../../../arm-none-eabi/lib/thumb/v7e-m+fp/hard/libc_nano.a(lib_a-memset.o)
 .ARM.attributes
                0x00000000000003b3       0x1e /Applications/STM32CubeIDE.app/Contents/Eclipse/plugins/com.st.stm32cube.ide.mcu.externaltools.gnu-tools-for-stm32.9-2020-q2-update.macos64_2.0.0.202105311346/tools/bin/../lib/gcc/arm-none-eabi/9.3.1/thumb/v7e-m+fp/hard/libgcc.a(_aeabi_uldivmod.o)
 .ARM.attributes
                0x00000000000003d1       0x34 /Applications/STM32CubeIDE.app/Contents/Eclipse/plugins/com.st.stm32cube.ide.mcu.externaltools.gnu-tools-for-stm32.9-2020-q2-update.macos64_2.0.0.202105311346/tools/bin/../lib/gcc/arm-none-eabi/9.3.1/thumb/v7e-m+fp/hard/libgcc.a(_udivmoddi4.o)
 .ARM.attributes
                0x0000000000000405       0x1e /Applications/STM32CubeIDE.app/Contents/Eclipse/plugins/com.st.stm32cube.ide.mcu.externaltools.gnu-tools-for-stm32.9-2020-q2-update.macos64_2.0.0.202105311346/tools/bin/../lib/gcc/arm-none-eabi/9.3.1/thumb/v7e-m+fp/hard/libgcc.a(_dvmd_tls.o)
 .ARM.attributes
                0x0000000000000423       0x1e /Applications/STM32CubeIDE.app/Contents/Eclipse/plugins/com.st.stm32cube.ide.mcu.externaltools.gnu-tools-for-stm32.9-2020-q2-update.macos64_2.0.0.202105311346/tools/bin/../lib/gcc/arm-none-eabi/9.3.1/thumb/v7e-m+fp/hard/crtn.o
OUTPUT(F411RE_ILI9341_Disp.elf elf32-littlearm)
LOAD linker stubs
LOAD /Applications/STM32CubeIDE.app/Contents/Eclipse/plugins/com.st.stm32cube.ide.mcu.externaltools.gnu-tools-for-stm32.9-2020-q2-update.macos64_2.0.0.202105311346/tools/bin/../lib/gcc/arm-none-eabi/9.3.1/../../../../arm-none-eabi/lib/thumb/v7e-m+fp/hard/libc.a
LOAD /Applications/STM32CubeIDE.app/Contents/Eclipse/plugins/com.st.stm32cube.ide.mcu.externaltools.gnu-tools-for-stm32.9-2020-q2-update.macos64_2.0.0.202105311346/tools/bin/../lib/gcc/arm-none-eabi/9.3.1/../../../../arm-none-eabi/lib/thumb/v7e-m+fp/hard/libm.a
LOAD /Applications/STM32CubeIDE.app/Contents/Eclipse/plugins/com.st.stm32cube.ide.mcu.externaltools.gnu-tools-for-stm32.9-2020-q2-update.macos64_2.0.0.202105311346/tools/bin/../lib/gcc/arm-none-eabi/9.3.1/thumb/v7e-m+fp/hard/libgcc.a

.debug_info     0x0000000000000000     0xd1a7
 .debug_info    0x0000000000000000      0xbf3 ./Core/Src/ILI9341_Disp.o
 .debug_info    0x0000000000000bf3      0xdfd ./Core/Src/graphic.o
 .debug_info    0x00000000000019f0     0x1041 ./Core/Src/main.o
 .debug_info    0x0000000000002a31      0xa74 ./Core/Src/stm32f4xx_hal_msp.o
 .debug_info    0x00000000000034a5      0xc00 ./Core/Src/stm32f4xx_hal_timebase_tim.o
 .debug_info    0x00000000000040a5      0x7f9 ./Core/Src/stm32f4xx_it.o
 .debug_info    0x000000000000489e      0x5d0 ./Core/Src/system_stm32f4xx.o
 .debug_info    0x0000000000004e6e       0x22 ./Core/Startup/startup_stm32f411retx.o
 .debug_info    0x0000000000004e90      0x944 ./Drivers/STM32F4xx_HAL_Driver/Src/stm32f4xx_hal.o
 .debug_info    0x00000000000057d4      0xe47 ./Drivers/STM32F4xx_HAL_Driver/Src/stm32f4xx_hal_cortex.o
 .debug_info    0x000000000000661b      0x862 ./Drivers/STM32F4xx_HAL_Driver/Src/stm32f4xx_hal_gpio.o
 .debug_info    0x0000000000006e7d      0x9be ./Drivers/STM32F4xx_HAL_Driver/Src/stm32f4xx_hal_rcc.o
 .debug_info    0x000000000000783b     0x17b8 ./Drivers/STM32F4xx_HAL_Driver/Src/stm32f4xx_hal_spi.o
 .debug_info    0x0000000000008ff3     0x2c1a ./Drivers/STM32F4xx_HAL_Driver/Src/stm32f4xx_hal_tim.o
 .debug_info    0x000000000000bc0d     0x159a ./Drivers/STM32F4xx_HAL_Driver/Src/stm32f4xx_hal_tim_ex.o

.debug_abbrev   0x0000000000000000     0x1e1d
 .debug_abbrev  0x0000000000000000      0x242 ./Core/Src/ILI9341_Disp.o
 .debug_abbrev  0x0000000000000242      0x204 ./Core/Src/graphic.o
 .debug_abbrev  0x0000000000000446      0x269 ./Core/Src/main.o
 .debug_abbrev  0x00000000000006af      0x1ac ./Core/Src/stm32f4xx_hal_msp.o
 .debug_abbrev  0x000000000000085b      0x1d0 ./Core/Src/stm32f4xx_hal_timebase_tim.o
 .debug_abbrev  0x0000000000000a2b      0x187 ./Core/Src/stm32f4xx_it.o
 .debug_abbrev  0x0000000000000bb2      0x145 ./Core/Src/system_stm32f4xx.o
 .debug_abbrev  0x0000000000000cf7       0x12 ./Core/Startup/startup_stm32f411retx.o
 .debug_abbrev  0x0000000000000d09      0x21e ./Drivers/STM32F4xx_HAL_Driver/Src/stm32f4xx_hal.o
 .debug_abbrev  0x0000000000000f27      0x33c ./Drivers/STM32F4xx_HAL_Driver/Src/stm32f4xx_hal_cortex.o
 .debug_abbrev  0x0000000000001263      0x1f1 ./Drivers/STM32F4xx_HAL_Driver/Src/stm32f4xx_hal_gpio.o
 .debug_abbrev  0x0000000000001454      0x275 ./Drivers/STM32F4xx_HAL_Driver/Src/stm32f4xx_hal_rcc.o
 .debug_abbrev  0x00000000000016c9      0x26e ./Drivers/STM32F4xx_HAL_Driver/Src/stm32f4xx_hal_spi.o
 .debug_abbrev  0x0000000000001937      0x26f ./Drivers/STM32F4xx_HAL_Driver/Src/stm32f4xx_hal_tim.o
 .debug_abbrev  0x0000000000001ba6      0x277 ./Drivers/STM32F4xx_HAL_Driver/Src/stm32f4xx_hal_tim_ex.o

.debug_aranges  0x0000000000000000      0xc40
 .debug_aranges
                0x0000000000000000       0x98 ./Core/Src/ILI9341_Disp.o
 .debug_aranges
                0x0000000000000098       0x58 ./Core/Src/graphic.o
 .debug_aranges
                0x00000000000000f0       0x48 ./Core/Src/main.o
 .debug_aranges
                0x0000000000000138       0x30 ./Core/Src/stm32f4xx_hal_msp.o
 .debug_aranges
                0x0000000000000168       0x30 ./Core/Src/stm32f4xx_hal_timebase_tim.o
 .debug_aranges
                0x0000000000000198       0x68 ./Core/Src/stm32f4xx_it.o
 .debug_aranges
                0x0000000000000200       0x28 ./Core/Src/system_stm32f4xx.o
 .debug_aranges
                0x0000000000000228       0x28 ./Core/Startup/startup_stm32f411retx.o
 .debug_aranges
                0x0000000000000250       0xf0 ./Drivers/STM32F4xx_HAL_Driver/Src/stm32f4xx_hal.o
 .debug_aranges
                0x0000000000000340      0x118 ./Drivers/STM32F4xx_HAL_Driver/Src/stm32f4xx_hal_cortex.o
 .debug_aranges
                0x0000000000000458       0x58 ./Drivers/STM32F4xx_HAL_Driver/Src/stm32f4xx_hal_gpio.o
 .debug_aranges
                0x00000000000004b0       0x88 ./Drivers/STM32F4xx_HAL_Driver/Src/stm32f4xx_hal_rcc.o
 .debug_aranges
                0x0000000000000538      0x1d0 ./Drivers/STM32F4xx_HAL_Driver/Src/stm32f4xx_hal_spi.o
 .debug_aranges
                0x0000000000000708      0x3d0 ./Drivers/STM32F4xx_HAL_Driver/Src/stm32f4xx_hal_tim.o
 .debug_aranges
                0x0000000000000ad8      0x168 ./Drivers/STM32F4xx_HAL_Driver/Src/stm32f4xx_hal_tim_ex.o

.debug_ranges   0x0000000000000000      0xb58
 .debug_ranges  0x0000000000000000       0x88 ./Core/Src/ILI9341_Disp.o
 .debug_ranges  0x0000000000000088       0x48 ./Core/Src/graphic.o
 .debug_ranges  0x00000000000000d0       0x38 ./Core/Src/main.o
 .debug_ranges  0x0000000000000108       0x20 ./Core/Src/stm32f4xx_hal_msp.o
 .debug_ranges  0x0000000000000128       0x20 ./Core/Src/stm32f4xx_hal_timebase_tim.o
 .debug_ranges  0x0000000000000148       0x58 ./Core/Src/stm32f4xx_it.o
 .debug_ranges  0x00000000000001a0       0x18 ./Core/Src/system_stm32f4xx.o
 .debug_ranges  0x00000000000001b8       0x20 ./Core/Startup/startup_stm32f411retx.o
 .debug_ranges  0x00000000000001d8       0xe0 ./Drivers/STM32F4xx_HAL_Driver/Src/stm32f4xx_hal.o
 .debug_ranges  0x00000000000002b8      0x108 ./Drivers/STM32F4xx_HAL_Driver/Src/stm32f4xx_hal_cortex.o
 .debug_ranges  0x00000000000003c0       0x48 ./Drivers/STM32F4xx_HAL_Driver/Src/stm32f4xx_hal_gpio.o
 .debug_ranges  0x0000000000000408       0x78 ./Drivers/STM32F4xx_HAL_Driver/Src/stm32f4xx_hal_rcc.o
 .debug_ranges  0x0000000000000480      0x1c0 ./Drivers/STM32F4xx_HAL_Driver/Src/stm32f4xx_hal_spi.o
 .debug_ranges  0x0000000000000640      0x3c0 ./Drivers/STM32F4xx_HAL_Driver/Src/stm32f4xx_hal_tim.o
 .debug_ranges  0x0000000000000a00      0x158 ./Drivers/STM32F4xx_HAL_Driver/Src/stm32f4xx_hal_tim_ex.o

.debug_macro    0x0000000000000000    0x15c1b
 .debug_macro   0x0000000000000000      0x1e6 ./Core/Src/ILI9341_Disp.o
 .debug_macro   0x00000000000001e6      0xaa8 ./Core/Src/ILI9341_Disp.o
 .debug_macro   0x0000000000000c8e      0x29b ./Core/Src/ILI9341_Disp.o
 .debug_macro   0x0000000000000f29       0x2e ./Core/Src/ILI9341_Disp.o
 .debug_macro   0x0000000000000f57       0x28 ./Core/Src/ILI9341_Disp.o
 .debug_macro   0x0000000000000f7f       0x22 ./Core/Src/ILI9341_Disp.o
 .debug_macro   0x0000000000000fa1       0x8e ./Core/Src/ILI9341_Disp.o
 .debug_macro   0x000000000000102f       0x51 ./Core/Src/ILI9341_Disp.o
 .debug_macro   0x0000000000001080      0x103 ./Core/Src/ILI9341_Disp.o
 .debug_macro   0x0000000000001183       0x6a ./Core/Src/ILI9341_Disp.o
 .debug_macro   0x00000000000011ed      0x1df ./Core/Src/ILI9341_Disp.o
 .debug_macro   0x00000000000013cc       0x1c ./Core/Src/ILI9341_Disp.o
 .debug_macro   0x00000000000013e8       0x22 ./Core/Src/ILI9341_Disp.o
 .debug_macro   0x000000000000140a       0xdf ./Core/Src/ILI9341_Disp.o
 .debug_macro   0x00000000000014e9     0x102d ./Core/Src/ILI9341_Disp.o
 .debug_macro   0x0000000000002516      0x11f ./Core/Src/ILI9341_Disp.o
 .debug_macro   0x0000000000002635     0xb953 ./Core/Src/ILI9341_Disp.o
 .debug_macro   0x000000000000df88       0x6d ./Core/Src/ILI9341_Disp.o
 .debug_macro   0x000000000000dff5     0x3666 ./Core/Src/ILI9341_Disp.o
 .debug_macro   0x000000000001165b      0x174 ./Core/Src/ILI9341_Disp.o
 .debug_macro   0x00000000000117cf       0x5c ./Core/Src/ILI9341_Disp.o
 .debug_macro   0x000000000001182b      0x447 ./Core/Src/ILI9341_Disp.o
 .debug_macro   0x0000000000011c72      0x9fe ./Core/Src/ILI9341_Disp.o
 .debug_macro   0x0000000000012670      0x116 ./Core/Src/ILI9341_Disp.o
 .debug_macro   0x0000000000012786      0x11b ./Core/Src/ILI9341_Disp.o
 .debug_macro   0x00000000000128a1       0xa5 ./Core/Src/ILI9341_Disp.o
 .debug_macro   0x0000000000012946      0x15f ./Core/Src/ILI9341_Disp.o
 .debug_macro   0x0000000000012aa5      0x287 ./Core/Src/ILI9341_Disp.o
 .debug_macro   0x0000000000012d2c       0x5f ./Core/Src/ILI9341_Disp.o
 .debug_macro   0x0000000000012d8b      0x236 ./Core/Src/ILI9341_Disp.o
 .debug_macro   0x0000000000012fc1      0x132 ./Core/Src/ILI9341_Disp.o
 .debug_macro   0x00000000000130f3      0x264 ./Core/Src/ILI9341_Disp.o
 .debug_macro   0x0000000000013357       0x2e ./Core/Src/ILI9341_Disp.o
 .debug_macro   0x0000000000013385      0x11a ./Core/Src/ILI9341_Disp.o
 .debug_macro   0x000000000001349f       0x85 ./Core/Src/ILI9341_Disp.o
 .debug_macro   0x0000000000013524       0x89 ./Core/Src/ILI9341_Disp.o
 .debug_macro   0x00000000000135ad      0x225 ./Core/Src/ILI9341_Disp.o
 .debug_macro   0x00000000000137d2      0x8d1 ./Core/Src/ILI9341_Disp.o
 .debug_macro   0x00000000000140a3       0x47 ./Core/Src/ILI9341_Disp.o
 .debug_macro   0x00000000000140ea      0x126 ./Core/Src/ILI9341_Disp.o
 .debug_macro   0x0000000000014210       0x3a ./Core/Src/ILI9341_Disp.o
 .debug_macro   0x000000000001424a       0xc4 ./Core/Src/ILI9341_Disp.o
 .debug_macro   0x000000000001430e      0x1fe ./Core/Src/graphic.o
 .debug_macro   0x000000000001450c       0x10 ./Core/Src/graphic.o
 .debug_macro   0x000000000001451c       0x16 ./Core/Src/graphic.o
 .debug_macro   0x0000000000014532      0x203 ./Core/Src/main.o
 .debug_macro   0x0000000000014735       0x34 ./Core/Src/main.o
 .debug_macro   0x0000000000014769       0x16 ./Core/Src/main.o
 .debug_macro   0x000000000001477f      0x1dd ./Core/Src/stm32f4xx_hal_msp.o
 .debug_macro   0x000000000001495c      0x1ce ./Core/Src/stm32f4xx_hal_timebase_tim.o
 .debug_macro   0x0000000000014b2a      0x1e7 ./Core/Src/stm32f4xx_it.o
 .debug_macro   0x0000000000014d11      0x1ce ./Core/Src/system_stm32f4xx.o
 .debug_macro   0x0000000000014edf      0x22e ./Drivers/STM32F4xx_HAL_Driver/Src/stm32f4xx_hal.o
 .debug_macro   0x000000000001510d      0x1ce ./Drivers/STM32F4xx_HAL_Driver/Src/stm32f4xx_hal_cortex.o
 .debug_macro   0x00000000000152db      0x1d4 ./Drivers/STM32F4xx_HAL_Driver/Src/stm32f4xx_hal_gpio.o
 .debug_macro   0x00000000000154af      0x1f2 ./Drivers/STM32F4xx_HAL_Driver/Src/stm32f4xx_hal_rcc.o
 .debug_macro   0x00000000000156a1      0x1dd ./Drivers/STM32F4xx_HAL_Driver/Src/stm32f4xx_hal_spi.o
 .debug_macro   0x000000000001587e      0x1cf ./Drivers/STM32F4xx_HAL_Driver/Src/stm32f4xx_hal_tim.o
 .debug_macro   0x0000000000015a4d      0x1ce ./Drivers/STM32F4xx_HAL_Driver/Src/stm32f4xx_hal_tim_ex.o

.debug_line     0x0000000000000000     0xd58e
 .debug_line    0x0000000000000000      0xa78 ./Core/Src/ILI9341_Disp.o
 .debug_line    0x0000000000000a78      0xb10 ./Core/Src/graphic.o
 .debug_line    0x0000000000001588      0x848 ./Core/Src/main.o
 .debug_line    0x0000000000001dd0      0x744 ./Core/Src/stm32f4xx_hal_msp.o
 .debug_line    0x0000000000002514      0x752 ./Core/Src/stm32f4xx_hal_timebase_tim.o
 .debug_line    0x0000000000002c66      0x7cb ./Core/Src/stm32f4xx_it.o
 .debug_line    0x0000000000003431      0x777 ./Core/Src/system_stm32f4xx.o
 .debug_line    0x0000000000003ba8       0x88 ./Core/Startup/startup_stm32f411retx.o
 .debug_line    0x0000000000003c30      0x9dd ./Drivers/STM32F4xx_HAL_Driver/Src/stm32f4xx_hal.o
 .debug_line    0x000000000000460d      0xc8c ./Drivers/STM32F4xx_HAL_Driver/Src/stm32f4xx_hal_cortex.o
 .debug_line    0x0000000000005299      0xb17 ./Drivers/STM32F4xx_HAL_Driver/Src/stm32f4xx_hal_gpio.o
 .debug_line    0x0000000000005db0      0xd59 ./Drivers/STM32F4xx_HAL_Driver/Src/stm32f4xx_hal_rcc.o
 .debug_line    0x0000000000006b09     0x1c65 ./Drivers/STM32F4xx_HAL_Driver/Src/stm32f4xx_hal_spi.o
 .debug_line    0x000000000000876e     0x34ab ./Drivers/STM32F4xx_HAL_Driver/Src/stm32f4xx_hal_tim.o
 .debug_line    0x000000000000bc19     0x1975 ./Drivers/STM32F4xx_HAL_Driver/Src/stm32f4xx_hal_tim_ex.o

.debug_str      0x0000000000000000    0x89b56
 .debug_str     0x0000000000000000    0x867db ./Core/Src/ILI9341_Disp.o
                                      0x86ac5 (size before relaxing)
 .debug_str     0x00000000000867db      0x247 ./Core/Src/graphic.o
                                      0x86aee (size before relaxing)
 .debug_str     0x0000000000086a22      0x582 ./Core/Src/main.o
                                      0x86eb2 (size before relaxing)
 .debug_str     0x0000000000086fa4       0x4e ./Core/Src/stm32f4xx_hal_msp.o
                                      0x86757 (size before relaxing)
 .debug_str     0x0000000000086ff2      0x436 ./Core/Src/stm32f4xx_hal_timebase_tim.o
                                      0x86b6b (size before relaxing)
 .debug_str     0x0000000000087428       0xd6 ./Core/Src/stm32f4xx_it.o
                                      0x86748 (size before relaxing)
 .debug_str     0x00000000000874fe       0xaf ./Core/Src/system_stm32f4xx.o
                                      0x86236 (size before relaxing)
 .debug_str     0x00000000000875ad       0x36 ./Core/Startup/startup_stm32f411retx.o
                                         0x7c (size before relaxing)
 .debug_str     0x00000000000875e3      0x538 ./Drivers/STM32F4xx_HAL_Driver/Src/stm32f4xx_hal.o
                                      0x86bc0 (size before relaxing)
 .debug_str     0x0000000000087b1b      0x399 ./Drivers/STM32F4xx_HAL_Driver/Src/stm32f4xx_hal_cortex.o
                                      0x8699d (size before relaxing)
 .debug_str     0x0000000000087eb4      0x15a ./Drivers/STM32F4xx_HAL_Driver/Src/stm32f4xx_hal_gpio.o
                                      0x863dd (size before relaxing)
 .debug_str     0x000000000008800e      0x24f ./Drivers/STM32F4xx_HAL_Driver/Src/stm32f4xx_hal_rcc.o
                                      0x86638 (size before relaxing)
 .debug_str     0x000000000008825d      0x57a ./Drivers/STM32F4xx_HAL_Driver/Src/stm32f4xx_hal_spi.o
                                      0x86ac8 (size before relaxing)
 .debug_str     0x00000000000887d7      0xe47 ./Drivers/STM32F4xx_HAL_Driver/Src/stm32f4xx_hal_tim.o
                                      0x87553 (size before relaxing)
 .debug_str     0x000000000008961e      0x538 ./Drivers/STM32F4xx_HAL_Driver/Src/stm32f4xx_hal_tim_ex.o
                                      0x86d04 (size before relaxing)

.comment        0x0000000000000000       0x53
 .comment       0x0000000000000000       0x53 ./Core/Src/ILI9341_Disp.o
                                         0x54 (size before relaxing)
 .comment       0x0000000000000053       0x54 ./Core/Src/graphic.o
 .comment       0x0000000000000053       0x54 ./Core/Src/main.o
 .comment       0x0000000000000053       0x54 ./Core/Src/stm32f4xx_hal_msp.o
 .comment       0x0000000000000053       0x54 ./Core/Src/stm32f4xx_hal_timebase_tim.o
 .comment       0x0000000000000053       0x54 ./Core/Src/stm32f4xx_it.o
 .comment       0x0000000000000053       0x54 ./Core/Src/system_stm32f4xx.o
 .comment       0x0000000000000053       0x54 ./Drivers/STM32F4xx_HAL_Driver/Src/stm32f4xx_hal.o
 .comment       0x0000000000000053       0x54 ./Drivers/STM32F4xx_HAL_Driver/Src/stm32f4xx_hal_cortex.o
 .comment       0x0000000000000053       0x54 ./Drivers/STM32F4xx_HAL_Driver/Src/stm32f4xx_hal_gpio.o
 .comment       0x0000000000000053       0x54 ./Drivers/STM32F4xx_HAL_Driver/Src/stm32f4xx_hal_rcc.o
 .comment       0x0000000000000053       0x54 ./Drivers/STM32F4xx_HAL_Driver/Src/stm32f4xx_hal_spi.o
 .comment       0x0000000000000053       0x54 ./Drivers/STM32F4xx_HAL_Driver/Src/stm32f4xx_hal_tim.o
 .comment       0x0000000000000053       0x54 ./Drivers/STM32F4xx_HAL_Driver/Src/stm32f4xx_hal_tim_ex.o

.debug_frame    0x0000000000000000     0x32f0
 .debug_frame   0x0000000000000000      0x258 ./Core/Src/ILI9341_Disp.o
 .debug_frame   0x0000000000000258      0x150 ./Core/Src/graphic.o
 .debug_frame   0x00000000000003a8       0xd0 ./Core/Src/main.o
 .debug_frame   0x0000000000000478       0x7c ./Core/Src/stm32f4xx_hal_msp.o
 .debug_frame   0x00000000000004f4       0x74 ./Core/Src/stm32f4xx_hal_timebase_tim.o
 .debug_frame   0x0000000000000568      0x124 ./Core/Src/stm32f4xx_it.o
 .debug_frame   0x000000000000068c       0x58 ./Core/Src/system_stm32f4xx.o
 .debug_frame   0x00000000000006e4      0x374 ./Drivers/STM32F4xx_HAL_Driver/Src/stm32f4xx_hal.o
 .debug_frame   0x0000000000000a58      0x498 ./Drivers/STM32F4xx_HAL_Driver/Src/stm32f4xx_hal_cortex.o
 .debug_frame   0x0000000000000ef0      0x14c ./Drivers/STM32F4xx_HAL_Driver/Src/stm32f4xx_hal_gpio.o
 .debug_frame   0x000000000000103c      0x1f0 ./Drivers/STM32F4xx_HAL_Driver/Src/stm32f4xx_hal_rcc.o
 .debug_frame   0x000000000000122c      0x824 ./Drivers/STM32F4xx_HAL_Driver/Src/stm32f4xx_hal_spi.o
 .debug_frame   0x0000000000001a50     0x11bc ./Drivers/STM32F4xx_HAL_Driver/Src/stm32f4xx_hal_tim.o
 .debug_frame   0x0000000000002c0c      0x638 ./Drivers/STM32F4xx_HAL_Driver/Src/stm32f4xx_hal_tim_ex.o
 .debug_frame   0x0000000000003244       0x2c /Applications/STM32CubeIDE.app/Contents/Eclipse/plugins/com.st.stm32cube.ide.mcu.externaltools.gnu-tools-for-stm32.9-2020-q2-update.macos64_2.0.0.202105311346/tools/bin/../lib/gcc/arm-none-eabi/9.3.1/../../../../arm-none-eabi/lib/thumb/v7e-m+fp/hard/libc_nano.a(lib_a-init.o)
 .debug_frame   0x0000000000003270       0x20 /Applications/STM32CubeIDE.app/Contents/Eclipse/plugins/com.st.stm32cube.ide.mcu.externaltools.gnu-tools-for-stm32.9-2020-q2-update.macos64_2.0.0.202105311346/tools/bin/../lib/gcc/arm-none-eabi/9.3.1/../../../../arm-none-eabi/lib/thumb/v7e-m+fp/hard/libc_nano.a(lib_a-memset.o)
 .debug_frame   0x0000000000003290       0x2c /Applications/STM32CubeIDE.app/Contents/Eclipse/plugins/com.st.stm32cube.ide.mcu.externaltools.gnu-tools-for-stm32.9-2020-q2-update.macos64_2.0.0.202105311346/tools/bin/../lib/gcc/arm-none-eabi/9.3.1/thumb/v7e-m+fp/hard/libgcc.a(_aeabi_uldivmod.o)
 .debug_frame   0x00000000000032bc       0x34 /Applications/STM32CubeIDE.app/Contents/Eclipse/plugins/com.st.stm32cube.ide.mcu.externaltools.gnu-tools-for-stm32.9-2020-q2-update.macos64_2.0.0.202105311346/tools/bin/../lib/gcc/arm-none-eabi/9.3.1/thumb/v7e-m+fp/hard/libgcc.a(_udivmoddi4.o)
